BL51 BANKED LINKER/LOCATER V6.22.4.0                                                    04/23/2024  22:09:30  PAGE 1


BL51 BANKED LINKER/LOCATER V6.22.4.0, INVOKED BY:
C:\KEIL_V5\C51\BIN\BL51.EXE .\Objects\test03.obj TO .\Objects\test03 PRINT (.\Listings\test03.m51) RAMSIZE (256)


INPUT MODULES INCLUDED:
  .\Objects\test03.obj (TEST03)


LINK MAP OF MODULE:  .\Objects\test03 (TEST03)


            TYPE    BASE      LENGTH    RELOCATION   SEGMENT NAME
            -----------------------------------------------------

            * * * * * * *   D A T A   M E M O R Y   * * * * * * *
            REG     0000H     0008H     ABSOLUTE     "REG BANK 0"

            * * * * * * *   C O D E   M E M O R Y   * * * * * * *
            CODE    0000H     00BDH     ABSOLUTE     



SYMBOL TABLE OF MODULE:  .\Objects\test03 (TEST03)

  VALUE           TYPE          NAME
  ----------------------------------

  -------         MODULE        TEST03
  C:001FH         SYMBOL        A1
  C:0052H         SYMBOL        CONTINUE1
  C:005DH         SYMBOL        CONTINUE2
  C:007FH         SYMBOL        DELAY
  C:0088H         SYMBOL        DELAY1
  C:0012H         SYMBOL        E1
  C:0039H         SYMBOL        E2
  C:0065H         SYMBOL        END_LOOP
  C:007FH         SYMBOL        HERE1
  C:0081H         SYMBOL        HERE2
  C:0083H         SYMBOL        HERE3
  C:008AH         SYMBOL        HERE4
  C:008CH         SYMBOL        HERE5
  C:008EH         SYMBOL        HERE6
  C:0005H         SYMBOL        K
  D:0080H         SYMBOL        LED
  C:0048H         SYMBOL        LOOP0
  C:006DH         SYMBOL        LOOP1
  C:0003H         SYMBOL        MAIN_LOOP
  C:0046H         SYMBOL        MOVER
  C:002CH         SYMBOL        N
  D:0080H         SYMBOL        P0
  D:00B0H         SYMBOL        P3
  B:00B0H.5       SYMBOL        RCLK
  C:0066H         SYMBOL        SEND_BYTE
  B:00B0H.4       SYMBOL        SER
  B:00B0H.6       SYMBOL        SRCLK
  C:0000H         LINE#         7
  C:0003H         LINE#         11
  C:0005H         LINE#         14
BL51 BANKED LINKER/LOCATER V6.22.4.0                                                  04/23/2024  22:09:30  PAGE 2


  C:0008H         LINE#         15
  C:000AH         LINE#         16
  C:000CH         LINE#         17
  C:000EH         LINE#         18
  C:0010H         LINE#         20
  C:0012H         LINE#         23
  C:0015H         LINE#         24
  C:0017H         LINE#         25
  C:0019H         LINE#         26
  C:001BH         LINE#         27
  C:001DH         LINE#         29
  C:001FH         LINE#         32
  C:0022H         LINE#         33
  C:0024H         LINE#         34
  C:0026H         LINE#         35
  C:0028H         LINE#         36
  C:002AH         LINE#         38
  C:002CH         LINE#         41
  C:002FH         LINE#         42
  C:0031H         LINE#         43
  C:0033H         LINE#         44
  C:0035H         LINE#         45
  C:0037H         LINE#         47
  C:0039H         LINE#         50
  C:003CH         LINE#         51
  C:003EH         LINE#         52
  C:0040H         LINE#         53
  C:0042H         LINE#         54
  C:0044H         LINE#         56
  C:0046H         LINE#         60
  C:0048H         LINE#         64
  C:0049H         LINE#         65
  C:004AH         LINE#         66
  C:004CH         LINE#         67
  C:004DH         LINE#         68
  C:0050H         LINE#         69
  C:0052H         LINE#         72
  C:0053H         LINE#         73
  C:0054H         LINE#         74
  C:0055H         LINE#         75
  C:0057H         LINE#         76
  C:0058H         LINE#         77
  C:005BH         LINE#         78
  C:005DH         LINE#         81
  C:005FH         LINE#         82
  C:0061H         LINE#         83
  C:0063H         LINE#         85
  C:0065H         LINE#         88
  C:0066H         LINE#         92
  C:0068H         LINE#         93
  C:006AH         LINE#         95
  C:006BH         LINE#         96
  C:006DH         LINE#         98
  C:006EH         LINE#         99
  C:0070H         LINE#         100
  C:0072H         LINE#         101
  C:0073H         LINE#         102
BL51 BANKED LINKER/LOCATER V6.22.4.0                                                  04/23/2024  22:09:30  PAGE 3


  C:0074H         LINE#         103
  C:0076H         LINE#         104
  C:0078H         LINE#         106
  C:007AH         LINE#         107
  C:007BH         LINE#         108
  C:007CH         LINE#         109
  C:007EH         LINE#         111
  C:007FH         LINE#         115
  C:0081H         LINE#         116
  C:0083H         LINE#         117
  C:0085H         LINE#         118
  C:0087H         LINE#         120
  C:0088H         LINE#         124
  C:008AH         LINE#         125
  C:008CH         LINE#         126
  C:008EH         LINE#         127
  C:0090H         LINE#         128
  C:0092H         LINE#         129
  C:0094H         LINE#         131
  -------         ENDMOD        TEST03

******************************************************************************
* RESTRICTED VERSION WITH 0800H BYTE CODE SIZE LIMIT; USED: 00BDH BYTE ( 9%) *
******************************************************************************

Program Size: data=8.0 xdata=0 code=189
LINK/LOCATE RUN COMPLETE.  0 WARNING(S),  0 ERROR(S)
