BL51 BANKED LINKER/LOCATER V6.22.4.0                                                    04/23/2024  21:32:47  PAGE 1


BL51 BANKED LINKER/LOCATER V6.22.4.0, INVOKED BY:
C:\KEIL_V5\C51\BIN\BL51.EXE .\Objects\test02.obj TO .\Objects\test02 PRINT (.\Listings\test02.m51) RAMSIZE (256)


INPUT MODULES INCLUDED:
  .\Objects\test02.obj (TEST02)


LINK MAP OF MODULE:  .\Objects\test02 (TEST02)


            TYPE    BASE      LENGTH    RELOCATION   SEGMENT NAME
            -----------------------------------------------------

            * * * * * * *   D A T A   M E M O R Y   * * * * * * *
            REG     0000H     0008H     ABSOLUTE     "REG BANK 0"

            * * * * * * *   C O D E   M E M O R Y   * * * * * * *
            CODE    0000H     005BH     ABSOLUTE     



SYMBOL TABLE OF MODULE:  .\Objects\test02 (TEST02)

  VALUE           TYPE          NAME
  ----------------------------------

  -------         MODULE        TEST02
  C:0014H         SYMBOL        CONTINUE1
  C:001FH         SYMBOL        CONTINUE2
  C:0042H         SYMBOL        DELAY
  C:0027H         SYMBOL        END_LOOP
  C:0042H         SYMBOL        HERE1
  C:0044H         SYMBOL        HERE2
  C:0046H         SYMBOL        HERE3
  D:0080H         SYMBOL        LED
  C:000AH         SYMBOL        LOOP0
  C:0030H         SYMBOL        LOOP1
  C:0006H         SYMBOL        MAIN_LOOP
  D:0080H         SYMBOL        P0
  D:00B0H         SYMBOL        P3
  B:00B0H.5       SYMBOL        RCLK
  C:0029H         SYMBOL        SEND_BYTE
  B:00B0H.4       SYMBOL        SER
  B:00B0H.6       SYMBOL        SRCLK
  C:0000H         LINE#         7
  C:0003H         LINE#         8
  C:0006H         LINE#         11
  C:0008H         LINE#         12
  C:000AH         LINE#         16
  C:000BH         LINE#         17
  C:000CH         LINE#         18
  C:000EH         LINE#         19
  C:000FH         LINE#         20
  C:0012H         LINE#         21
  C:0014H         LINE#         24
  C:0015H         LINE#         25
  C:0016H         LINE#         26
BL51 BANKED LINKER/LOCATER V6.22.4.0                                                  04/23/2024  21:32:47  PAGE 2


  C:0017H         LINE#         27
  C:0019H         LINE#         28
  C:001AH         LINE#         29
  C:001DH         LINE#         30
  C:001FH         LINE#         33
  C:0021H         LINE#         34
  C:0023H         LINE#         35
  C:0025H         LINE#         37
  C:0027H         LINE#         40
  C:0029H         LINE#         45
  C:002BH         LINE#         46
  C:002DH         LINE#         48
  C:002EH         LINE#         49
  C:0030H         LINE#         51
  C:0031H         LINE#         52
  C:0033H         LINE#         53
  C:0035H         LINE#         54
  C:0036H         LINE#         55
  C:0037H         LINE#         56
  C:0039H         LINE#         57
  C:003BH         LINE#         59
  C:003DH         LINE#         60
  C:003EH         LINE#         61
  C:003FH         LINE#         62
  C:0041H         LINE#         64
  C:0042H         LINE#         68
  C:0044H         LINE#         69
  C:0046H         LINE#         70
  C:0048H         LINE#         71
  C:004AH         LINE#         74
  -------         ENDMOD        TEST02

******************************************************************************
* RESTRICTED VERSION WITH 0800H BYTE CODE SIZE LIMIT; USED: 005BH BYTE ( 4%) *
******************************************************************************

Program Size: data=8.0 xdata=0 code=91
LINK/LOCATE RUN COMPLETE.  0 WARNING(S),  0 ERROR(S)
